Archive member included to satisfy reference by file (symbol)

/usr/local/Cellar/arm-none-eabi-gcc/10.3-2021.10/gcc/bin/../lib/gcc/arm-none-eabi/10.3.1/../../../../arm-none-eabi/lib/thumb/v7e-m+fp/hard/libc_nano.a(lib_a-memcpy-stub.o)
                              /var/folders/29/x33x1bjn6m1_3gyrcf1_y97h0000gn/T//ccCaPQTc.o (memcpy)
/usr/local/Cellar/arm-none-eabi-gcc/10.3-2021.10/gcc/bin/../lib/gcc/arm-none-eabi/10.3.1/../../../../arm-none-eabi/lib/thumb/v7e-m+fp/hard/libc_nano.a(lib_a-memset.o)
                              /var/folders/29/x33x1bjn6m1_3gyrcf1_y97h0000gn/T//ccCaPQTc.o (memset)

Discarded input sections

 .group         0x0000000000000000        0xc /var/folders/29/x33x1bjn6m1_3gyrcf1_y97h0000gn/T//ccCaPQTc.o
 .group         0x0000000000000000        0xc /var/folders/29/x33x1bjn6m1_3gyrcf1_y97h0000gn/T//ccCaPQTc.o
 .group         0x0000000000000000        0xc /var/folders/29/x33x1bjn6m1_3gyrcf1_y97h0000gn/T//ccCaPQTc.o
 .group         0x0000000000000000        0xc /var/folders/29/x33x1bjn6m1_3gyrcf1_y97h0000gn/T//ccCaPQTc.o
 .group         0x0000000000000000        0xc /var/folders/29/x33x1bjn6m1_3gyrcf1_y97h0000gn/T//ccCaPQTc.o
 .group         0x0000000000000000        0xc /var/folders/29/x33x1bjn6m1_3gyrcf1_y97h0000gn/T//ccCaPQTc.o
 .group         0x0000000000000000        0xc /var/folders/29/x33x1bjn6m1_3gyrcf1_y97h0000gn/T//ccCaPQTc.o
 .group         0x0000000000000000        0xc /var/folders/29/x33x1bjn6m1_3gyrcf1_y97h0000gn/T//ccCaPQTc.o
 .group         0x0000000000000000        0xc /var/folders/29/x33x1bjn6m1_3gyrcf1_y97h0000gn/T//ccCaPQTc.o
 .group         0x0000000000000000        0xc /var/folders/29/x33x1bjn6m1_3gyrcf1_y97h0000gn/T//ccCaPQTc.o
 .group         0x0000000000000000        0xc /var/folders/29/x33x1bjn6m1_3gyrcf1_y97h0000gn/T//ccCaPQTc.o
 .group         0x0000000000000000        0xc /var/folders/29/x33x1bjn6m1_3gyrcf1_y97h0000gn/T//ccCaPQTc.o
 .group         0x0000000000000000        0xc /var/folders/29/x33x1bjn6m1_3gyrcf1_y97h0000gn/T//ccCaPQTc.o
 .group         0x0000000000000000        0xc /var/folders/29/x33x1bjn6m1_3gyrcf1_y97h0000gn/T//ccCaPQTc.o
 .text          0x0000000000000000        0x0 /var/folders/29/x33x1bjn6m1_3gyrcf1_y97h0000gn/T//ccCaPQTc.o
 .data          0x0000000000000000        0x0 /var/folders/29/x33x1bjn6m1_3gyrcf1_y97h0000gn/T//ccCaPQTc.o
 .bss           0x0000000000000000        0x0 /var/folders/29/x33x1bjn6m1_3gyrcf1_y97h0000gn/T//ccCaPQTc.o
 .text          0x0000000000000000        0x0 /usr/local/Cellar/arm-none-eabi-gcc/10.3-2021.10/gcc/bin/../lib/gcc/arm-none-eabi/10.3.1/../../../../arm-none-eabi/lib/thumb/v7e-m+fp/hard/libc_nano.a(lib_a-memcpy-stub.o)
 .data          0x0000000000000000        0x0 /usr/local/Cellar/arm-none-eabi-gcc/10.3-2021.10/gcc/bin/../lib/gcc/arm-none-eabi/10.3.1/../../../../arm-none-eabi/lib/thumb/v7e-m+fp/hard/libc_nano.a(lib_a-memcpy-stub.o)
 .bss           0x0000000000000000        0x0 /usr/local/Cellar/arm-none-eabi-gcc/10.3-2021.10/gcc/bin/../lib/gcc/arm-none-eabi/10.3.1/../../../../arm-none-eabi/lib/thumb/v7e-m+fp/hard/libc_nano.a(lib_a-memcpy-stub.o)
 .text          0x0000000000000000        0x0 /usr/local/Cellar/arm-none-eabi-gcc/10.3-2021.10/gcc/bin/../lib/gcc/arm-none-eabi/10.3.1/../../../../arm-none-eabi/lib/thumb/v7e-m+fp/hard/libc_nano.a(lib_a-memset.o)
 .data          0x0000000000000000        0x0 /usr/local/Cellar/arm-none-eabi-gcc/10.3-2021.10/gcc/bin/../lib/gcc/arm-none-eabi/10.3.1/../../../../arm-none-eabi/lib/thumb/v7e-m+fp/hard/libc_nano.a(lib_a-memset.o)
 .bss           0x0000000000000000        0x0 /usr/local/Cellar/arm-none-eabi-gcc/10.3-2021.10/gcc/bin/../lib/gcc/arm-none-eabi/10.3.1/../../../../arm-none-eabi/lib/thumb/v7e-m+fp/hard/libc_nano.a(lib_a-memset.o)

Memory Configuration

Name             Origin             Length             Attributes
FLASH            0x0000000008000000 0x0000000000100000 xr
SRAM             0x0000000020000000 0x0000000000018000 xrw
*default*        0x0000000000000000 0xffffffffffffffff

Linker script and memory map

LOAD /var/folders/29/x33x1bjn6m1_3gyrcf1_y97h0000gn/T//ccCaPQTc.o
LOAD /usr/local/Cellar/arm-none-eabi-gcc/10.3-2021.10/gcc/bin/../lib/gcc/arm-none-eabi/10.3.1/../../../../arm-none-eabi/lib/thumb/v7e-m+fp/hard/libc_nano.a
LOAD /usr/local/Cellar/arm-none-eabi-gcc/10.3-2021.10/gcc/bin/../lib/gcc/arm-none-eabi/10.3.1/thumb/v7e-m+fp/hard/libgcc.a
                0x0000000020018000                _estack = (ORIGIN (SRAM) + LENGTH (SRAM))

.vectors        0x0000000008000000        0x8
 *(.vectors)
 .vectors       0x0000000008000000        0x8 /var/folders/29/x33x1bjn6m1_3gyrcf1_y97h0000gn/T//ccCaPQTc.o
                0x0000000008000000                vector_table

.text           0x0000000008000008       0xc4
 *(.text*)
 .text.startup.main
                0x0000000008000008       0x4c /var/folders/29/x33x1bjn6m1_3gyrcf1_y97h0000gn/T//ccCaPQTc.o
                0x0000000008000008                main
 .text._reset   0x0000000008000054       0x4c /var/folders/29/x33x1bjn6m1_3gyrcf1_y97h0000gn/T//ccCaPQTc.o
                0x0000000008000054                _reset
 .text.memcpy   0x00000000080000a0       0x1c /usr/local/Cellar/arm-none-eabi-gcc/10.3-2021.10/gcc/bin/../lib/gcc/arm-none-eabi/10.3.1/../../../../arm-none-eabi/lib/thumb/v7e-m+fp/hard/libc_nano.a(lib_a-memcpy-stub.o)
                0x00000000080000a0                memcpy
 .text.memset   0x00000000080000bc       0x10 /usr/local/Cellar/arm-none-eabi-gcc/10.3-2021.10/gcc/bin/../lib/gcc/arm-none-eabi/10.3.1/../../../../arm-none-eabi/lib/thumb/v7e-m+fp/hard/libc_nano.a(lib_a-memset.o)
                0x00000000080000bc                memset

.glue_7         0x00000000080000cc        0x0
 .glue_7        0x00000000080000cc        0x0 linker stubs

.glue_7t        0x00000000080000cc        0x0
 .glue_7t       0x00000000080000cc        0x0 linker stubs

.vfp11_veneer   0x00000000080000cc        0x0
 .vfp11_veneer  0x00000000080000cc        0x0 linker stubs

.v4_bx          0x00000000080000cc        0x0
 .v4_bx         0x00000000080000cc        0x0 linker stubs

.iplt           0x00000000080000cc        0x0
 .iplt          0x00000000080000cc        0x0 /var/folders/29/x33x1bjn6m1_3gyrcf1_y97h0000gn/T//ccCaPQTc.o

.rel.dyn        0x00000000080000cc        0x0
 .rel.iplt      0x00000000080000cc        0x0 /var/folders/29/x33x1bjn6m1_3gyrcf1_y97h0000gn/T//ccCaPQTc.o

.rodata
 *(.rodata*)

.data           0x0000000020000000        0x0 load address 0x00000000080000cc
                0x0000000020000000                _sdata = .
 *(.data*)
                0x0000000020000000                _edata = .
                0x00000000080000cc                _sidata = LOADADDR (.data)

.igot.plt       0x0000000020000000        0x0 load address 0x00000000080000cc
 .igot.plt      0x0000000020000000        0x0 /var/folders/29/x33x1bjn6m1_3gyrcf1_y97h0000gn/T//ccCaPQTc.o

.bss            0x0000000020000000        0x0 load address 0x00000000080000cc
                0x0000000020000000                _sbss = .
 *(.bss*)
 *(COMMON)
                0x0000000020000000                _ebss = .
OUTPUT(firmware.elf elf32-littlearm)
LOAD linker stubs

.debug_info     0x0000000000000000      0x678
 .debug_info    0x0000000000000000      0x678 /var/folders/29/x33x1bjn6m1_3gyrcf1_y97h0000gn/T//ccCaPQTc.o

.debug_abbrev   0x0000000000000000      0x239
 .debug_abbrev  0x0000000000000000      0x239 /var/folders/29/x33x1bjn6m1_3gyrcf1_y97h0000gn/T//ccCaPQTc.o

.debug_loc      0x0000000000000000      0x108
 .debug_loc     0x0000000000000000      0x108 /var/folders/29/x33x1bjn6m1_3gyrcf1_y97h0000gn/T//ccCaPQTc.o

.debug_aranges  0x0000000000000000       0x28
 .debug_aranges
                0x0000000000000000       0x28 /var/folders/29/x33x1bjn6m1_3gyrcf1_y97h0000gn/T//ccCaPQTc.o

.debug_ranges   0x0000000000000000       0x48
 .debug_ranges  0x0000000000000000       0x48 /var/folders/29/x33x1bjn6m1_3gyrcf1_y97h0000gn/T//ccCaPQTc.o

.debug_macro    0x0000000000000000     0x1585
 .debug_macro   0x0000000000000000       0xdc /var/folders/29/x33x1bjn6m1_3gyrcf1_y97h0000gn/T//ccCaPQTc.o
 .debug_macro   0x00000000000000dc      0xa6c /var/folders/29/x33x1bjn6m1_3gyrcf1_y97h0000gn/T//ccCaPQTc.o
 .debug_macro   0x0000000000000b48       0x22 /var/folders/29/x33x1bjn6m1_3gyrcf1_y97h0000gn/T//ccCaPQTc.o
 .debug_macro   0x0000000000000b6a       0x4c /var/folders/29/x33x1bjn6m1_3gyrcf1_y97h0000gn/T//ccCaPQTc.o
 .debug_macro   0x0000000000000bb6       0x1e /var/folders/29/x33x1bjn6m1_3gyrcf1_y97h0000gn/T//ccCaPQTc.o
 .debug_macro   0x0000000000000bd4       0x94 /var/folders/29/x33x1bjn6m1_3gyrcf1_y97h0000gn/T//ccCaPQTc.o
 .debug_macro   0x0000000000000c68       0x3c /var/folders/29/x33x1bjn6m1_3gyrcf1_y97h0000gn/T//ccCaPQTc.o
 .debug_macro   0x0000000000000ca4      0x103 /var/folders/29/x33x1bjn6m1_3gyrcf1_y97h0000gn/T//ccCaPQTc.o
 .debug_macro   0x0000000000000da7       0x3a /var/folders/29/x33x1bjn6m1_3gyrcf1_y97h0000gn/T//ccCaPQTc.o
 .debug_macro   0x0000000000000de1       0x57 /var/folders/29/x33x1bjn6m1_3gyrcf1_y97h0000gn/T//ccCaPQTc.o
 .debug_macro   0x0000000000000e38       0x6a /var/folders/29/x33x1bjn6m1_3gyrcf1_y97h0000gn/T//ccCaPQTc.o
 .debug_macro   0x0000000000000ea2      0x1df /var/folders/29/x33x1bjn6m1_3gyrcf1_y97h0000gn/T//ccCaPQTc.o
 .debug_macro   0x0000000000001081       0x82 /var/folders/29/x33x1bjn6m1_3gyrcf1_y97h0000gn/T//ccCaPQTc.o
 .debug_macro   0x0000000000001103      0x460 /var/folders/29/x33x1bjn6m1_3gyrcf1_y97h0000gn/T//ccCaPQTc.o
 .debug_macro   0x0000000000001563       0x22 /var/folders/29/x33x1bjn6m1_3gyrcf1_y97h0000gn/T//ccCaPQTc.o

.debug_line     0x0000000000000000      0x381
 .debug_line    0x0000000000000000      0x381 /var/folders/29/x33x1bjn6m1_3gyrcf1_y97h0000gn/T//ccCaPQTc.o

.debug_str      0x0000000000000000     0x51dd
 .debug_str     0x0000000000000000     0x51dd /var/folders/29/x33x1bjn6m1_3gyrcf1_y97h0000gn/T//ccCaPQTc.o
                                       0x5396 (size before relaxing)

.comment        0x0000000000000000       0x49
 .comment       0x0000000000000000       0x49 /var/folders/29/x33x1bjn6m1_3gyrcf1_y97h0000gn/T//ccCaPQTc.o
                                         0x4a (size before relaxing)

.ARM.attributes
                0x0000000000000000       0x34
 .ARM.attributes
                0x0000000000000000       0x34 /var/folders/29/x33x1bjn6m1_3gyrcf1_y97h0000gn/T//ccCaPQTc.o
 .ARM.attributes
                0x0000000000000034       0x34 /usr/local/Cellar/arm-none-eabi-gcc/10.3-2021.10/gcc/bin/../lib/gcc/arm-none-eabi/10.3.1/../../../../arm-none-eabi/lib/thumb/v7e-m+fp/hard/libc_nano.a(lib_a-memcpy-stub.o)
 .ARM.attributes
                0x0000000000000068       0x34 /usr/local/Cellar/arm-none-eabi-gcc/10.3-2021.10/gcc/bin/../lib/gcc/arm-none-eabi/10.3.1/../../../../arm-none-eabi/lib/thumb/v7e-m+fp/hard/libc_nano.a(lib_a-memset.o)

.debug_frame    0x0000000000000000       0x80
 .debug_frame   0x0000000000000000       0x38 /var/folders/29/x33x1bjn6m1_3gyrcf1_y97h0000gn/T//ccCaPQTc.o
 .debug_frame   0x0000000000000038       0x28 /usr/local/Cellar/arm-none-eabi-gcc/10.3-2021.10/gcc/bin/../lib/gcc/arm-none-eabi/10.3.1/../../../../arm-none-eabi/lib/thumb/v7e-m+fp/hard/libc_nano.a(lib_a-memcpy-stub.o)
 .debug_frame   0x0000000000000060       0x20 /usr/local/Cellar/arm-none-eabi-gcc/10.3-2021.10/gcc/bin/../lib/gcc/arm-none-eabi/10.3.1/../../../../arm-none-eabi/lib/thumb/v7e-m+fp/hard/libc_nano.a(lib_a-memset.o)
